[0.139s][info][gc,start    ] GC(1) Pause Young (Normal) (G1 Evacuation Pause)
[0.139s][info][gc,task     ] GC(1) Using 3 workers of 4 for evacuation
[0.142s][info][gc,phases   ] GC(1)   Pre Evacuate Collection Set: 0.1ms
[0.142s][info][gc,phases   ] GC(1)   Merge Heap Roots: 0.0ms
[0.142s][info][gc,phases   ] GC(1)   Evacuate Collection Set: 2.1ms
[0.142s][info][gc,phases   ] GC(1)   Post Evacuate Collection Set: 0.2ms
[0.142s][info][gc,phases   ] GC(1)   Other: 0.0ms
[0.142s][info][gc,heap     ] GC(1) Eden regions: 1->0(1)
[0.142s][info][gc,heap     ] GC(1) Survivor regions: 1->1(1)
[0.142s][info][gc,heap     ] GC(1) Old regions: 1->2
[0.142s][info][gc,heap     ] GC(1) Humongous regions: 1->1
[0.142s][info][gc,metaspace] GC(1) Metaspace: 754K(896K)->754K(896K) NonClass: 694K(768K)->694K(768K) Class: 60K(128K)->60K(128K)
[0.142s][info][gc          ] GC(1) Pause Young (Normal) (G1 Evacuation Pause) 23M->22M(136M) 2.576ms
[0.142s][info][gc,cpu      ] GC(1) User=0.01s Sys=0.01s Real=0.00s
[0.168s][info][gc,start    ] GC(2) Pause Young (Normal) (G1 Evacuation Pause)
[0.169s][info][gc,task     ] GC(2) Using 3 workers of 4 for evacuation
[0.170s][info][gc,phases   ] GC(2)   Pre Evacuate Collection Set: 0.1ms
[0.170s][info][gc,phases   ] GC(2)   Merge Heap Roots: 0.0ms
[0.170s][info][gc,phases   ] GC(2)   Evacuate Collection Set: 1.5ms
[0.170s][info][gc,phases   ] GC(2)   Post Evacuate Collection Set: 0.2ms
[0.170s][info][gc,phases   ] GC(2)   Other: 0.0ms
[0.170s][info][gc,heap     ] GC(2) Eden regions: 1->0(2)
[0.170s][info][gc,heap     ] GC(2) Survivor regions: 1->1(1)
[0.170s][info][gc,heap     ] GC(2) Old regions: 2->3
[0.170s][info][gc,heap     ] GC(2) Humongous regions: 1->1
[0.170s][info][gc,metaspace] GC(2) Metaspace: 1850K(2048K)->1850K(2048K) NonClass: 1775K(1856K)->1775K(1856K) Class: 75K(192K)->75K(192K)
[0.170s][info][gc          ] GC(2) Pause Young (Normal) (G1 Evacuation Pause) 30M->25M(136M) 2.017ms
[0.170s][info][gc,cpu      ] GC(2) User=0.01s Sys=0.00s Real=0.00s
[0.511s][info][gc,start    ] GC(3) Pause Young (Normal) (G1 Evacuation Pause)
[0.511s][info][gc,task     ] GC(3) Using 4 workers of 4 for evacuation
[0.516s][info][gc,phases   ] GC(3)   Pre Evacuate Collection Set: 0.1ms
[0.516s][info][gc,phases   ] GC(3)   Merge Heap Roots: 0.0ms
[0.516s][info][gc,phases   ] GC(3)   Evacuate Collection Set: 4.5ms
[0.516s][info][gc,phases   ] GC(3)   Post Evacuate Collection Set: 0.4ms
[0.516s][info][gc,phases   ] GC(3)   Other: 0.2ms
[0.516s][info][gc,heap     ] GC(3) Eden regions: 2->0(3)
[0.516s][info][gc,heap     ] GC(3) Survivor regions: 1->1(1)
[0.516s][info][gc,heap     ] GC(3) Old regions: 3->3
[0.516s][info][gc,heap     ] GC(3) Humongous regions: 1->1
[0.516s][info][gc,metaspace] GC(3) Metaspace: 17468K(17856K)->17468K(17856K) NonClass: 15676K(15872K)->15676K(15872K) Class: 1791K(1984K)->1791K(1984K)
[0.516s][info][gc          ] GC(3) Pause Young (Normal) (G1 Evacuation Pause) 41M->30M(136M) 5.308ms
[0.516s][info][gc,cpu      ] GC(3) User=0.02s Sys=0.00s Real=0.01s
[0.647s][info][gc,start    ] GC(4) Pause Young (Normal) (G1 Evacuation Pause)
[0.647s][info][gc,task     ] GC(4) Using 4 workers of 4 for evacuation
[0.656s][info][gc,phases   ] GC(4)   Pre Evacuate Collection Set: 0.1ms
[0.656s][info][gc,phases   ] GC(4)   Merge Heap Roots: 0.0ms
[0.656s][info][gc,phases   ] GC(4)   Evacuate Collection Set: 8.6ms
[0.656s][info][gc,phases   ] GC(4)   Post Evacuate Collection Set: 0.6ms
[0.656s][info][gc,phases   ] GC(4)   Other: 0.1ms
[0.656s][info][gc,heap     ] GC(4) Eden regions: 3->0(3)
[0.656s][info][gc,heap     ] GC(4) Survivor regions: 1->1(1)
[0.656s][info][gc,heap     ] GC(4) Old regions: 3->4
[0.656s][info][gc,heap     ] GC(4) Humongous regions: 1->1
[0.656s][info][gc,metaspace] GC(4) Metaspace: 17985K(18304K)->17985K(18304K) NonClass: 16157K(16320K)->16157K(16320K) Class: 1827K(1984K)->1827K(1984K)
[0.656s][info][gc          ] GC(4) Pause Young (Normal) (G1 Evacuation Pause) 54M->40M(192M) 9.519ms
[0.656s][info][gc,cpu      ] GC(4) User=0.02s Sys=0.01s Real=0.01s
[0.852s][info][gc,start    ] GC(5) Pause Young (Concurrent Start) (Metadata GC Threshold)
[0.852s][info][gc,task     ] GC(5) Using 4 workers of 4 for evacuation
[0.859s][info][gc,phases   ] GC(5)   Pre Evacuate Collection Set: 0.1ms
[0.859s][info][gc,phases   ] GC(5)   Merge Heap Roots: 0.1ms
[0.859s][info][gc,phases   ] GC(5)   Evacuate Collection Set: 6.6ms
[0.859s][info][gc,phases   ] GC(5)   Post Evacuate Collection Set: 0.4ms
[0.859s][info][gc,phases   ] GC(5)   Other: 0.1ms
[0.859s][info][gc,heap     ] GC(5) Eden regions: 2->0(4)
[0.859s][info][gc,heap     ] GC(5) Survivor regions: 1->1(1)
[0.859s][info][gc,heap     ] GC(5) Old regions: 4->5
[0.859s][info][gc,heap     ] GC(5) Humongous regions: 1->1
[0.859s][info][gc,metaspace] GC(5) Metaspace: 21214K(21504K)->21214K(21504K) NonClass: 19054K(19200K)->19054K(19200K) Class: 2160K(2304K)->2160K(2304K)
[0.859s][info][gc          ] GC(5) Pause Young (Concurrent Start) (Metadata GC Threshold) 54M->46M(192M) 7.431ms
[0.859s][info][gc,cpu      ] GC(5) User=0.02s Sys=0.00s Real=0.01s
[0.859s][info][gc          ] GC(6) Concurrent Mark Cycle
[0.859s][info][gc,marking  ] GC(6) Concurrent Scan Root Regions
[0.872s][info][gc,marking  ] GC(6) Concurrent Scan Root Regions 12.261ms
[0.872s][info][gc,marking  ] GC(6) Concurrent Mark
[0.872s][info][gc,marking  ] GC(6) Concurrent Mark From Roots
[0.872s][info][gc,task     ] GC(6) Using 1 workers of 1 for marking
[0.885s][info][gc,marking  ] GC(6) Concurrent Mark From Roots 13.351ms
[0.885s][info][gc,marking  ] GC(6) Concurrent Preclean
[0.885s][info][gc,marking  ] GC(6) Concurrent Preclean 0.020ms
[0.885s][info][gc,start    ] GC(6) Pause Remark
[0.887s][info][gc          ] GC(6) Pause Remark 48M->48M(192M) 1.591ms
[0.887s][info][gc,cpu      ] GC(6) User=0.00s Sys=0.00s Real=0.00s
[0.887s][info][gc,marking  ] GC(6) Concurrent Mark 15.407ms
[0.887s][info][gc,marking  ] GC(6) Concurrent Rebuild Remembered Sets and Scrub Regions
[0.895s][info][gc,marking  ] GC(6) Concurrent Rebuild Remembered Sets and Scrub Regions 8.343ms
[0.897s][info][gc,start    ] GC(6) Pause Cleanup
[0.897s][info][gc          ] GC(6) Pause Cleanup 48M->48M(192M) 0.084ms
[0.897s][info][gc,cpu      ] GC(6) User=0.00s Sys=0.00s Real=0.00s
[0.897s][info][gc,marking  ] GC(6) Concurrent Clear Claimed Marks
[0.897s][info][gc,marking  ] GC(6) Concurrent Clear Claimed Marks 0.019ms
[0.897s][info][gc,marking  ] GC(6) Concurrent Cleanup for Next Mark
[0.900s][info][gc,marking  ] GC(6) Concurrent Cleanup for Next Mark 2.658ms
[0.900s][info][gc          ] GC(6) Concurrent Mark Cycle 40.475ms
[1.191s][info][gc,start    ] GC(7) Pause Young (Prepare Mixed) (G1 Evacuation Pause)
[1.191s][info][gc,task     ] GC(7) Using 4 workers of 4 for evacuation
[1.198s][info][gc,phases   ] GC(7)   Pre Evacuate Collection Set: 0.1ms
[1.198s][info][gc,phases   ] GC(7)   Merge Heap Roots: 0.1ms
[1.198s][info][gc,phases   ] GC(7)   Evacuate Collection Set: 5.4ms
[1.198s][info][gc,phases   ] GC(7)   Post Evacuate Collection Set: 0.6ms
[1.198s][info][gc,phases   ] GC(7)   Other: 0.1ms
[1.198s][info][gc,heap     ] GC(7) Eden regions: 3->0(6)
[1.198s][info][gc,heap     ] GC(7) Survivor regions: 1->1(1)
[1.198s][info][gc,heap     ] GC(7) Old regions: 5->6
[1.198s][info][gc,heap     ] GC(7) Humongous regions: 1->1
[1.198s][info][gc,metaspace] GC(7) Metaspace: 32648K(33280K)->32648K(33280K) NonClass: 29048K(29376K)->29048K(29376K) Class: 3599K(3904K)->3599K(3904K)
[1.198s][info][gc          ] GC(7) Pause Young (Prepare Mixed) (G1 Evacuation Pause) 70M->53M(192M) 6.353ms
[1.198s][info][gc,cpu      ] GC(7) User=0.02s Sys=0.00s Real=0.01s
[1.324s][info][gc,start    ] GC(8) Pause Young (Mixed) (Metadata GC Threshold)
[1.324s][info][gc,task     ] GC(8) Using 4 workers of 4 for evacuation
[1.332s][info][gc,phases   ] GC(8)   Pre Evacuate Collection Set: 0.1ms
[1.332s][info][gc,phases   ] GC(8)   Merge Heap Roots: 0.1ms
[1.332s][info][gc,phases   ] GC(8)   Evacuate Collection Set: 7.2ms
[1.332s][info][gc,phases   ] GC(8)   Post Evacuate Collection Set: 0.4ms
[1.332s][info][gc,phases   ] GC(8)   Other: 0.1ms
[1.332s][info][gc,heap     ] GC(8) Eden regions: 3->0(8)
[1.332s][info][gc,heap     ] GC(8) Survivor regions: 1->1(1)
[1.332s][info][gc,heap     ] GC(8) Old regions: 6->6
[1.332s][info][gc,heap     ] GC(8) Humongous regions: 1->1
[1.332s][info][gc,metaspace] GC(8) Metaspace: 36371K(37056K)->36371K(37056K) NonClass: 32344K(32704K)->32344K(32704K) Class: 4026K(4352K)->4026K(4352K)
[1.332s][info][gc          ] GC(8) Pause Young (Mixed) (Metadata GC Threshold) 77M->58M(192M) 8.032ms
[1.332s][info][gc,cpu      ] GC(8) User=0.02s Sys=0.01s Real=0.01s
[1.342s][info][gc,start    ] GC(9) Pause Young (Concurrent Start) (Metadata GC Threshold)
[1.342s][info][gc,task     ] GC(9) Using 4 workers of 4 for evacuation
[1.344s][info][gc,phases   ] GC(9)   Pre Evacuate Collection Set: 0.1ms
[1.344s][info][gc,phases   ] GC(9)   Merge Heap Roots: 0.1ms
[1.344s][info][gc,phases   ] GC(9)   Evacuate Collection Set: 1.6ms
[1.344s][info][gc,phases   ] GC(9)   Post Evacuate Collection Set: 0.2ms
[1.344s][info][gc,phases   ] GC(9)   Other: 0.1ms
[1.344s][info][gc,heap     ] GC(9) Eden regions: 1->0(9)
[1.344s][info][gc,heap     ] GC(9) Survivor regions: 1->1(2)
[1.344s][info][gc,heap     ] GC(9) Old regions: 6->6
[1.344s][info][gc,heap     ] GC(9) Humongous regions: 1->1
[1.344s][info][gc,metaspace] GC(9) Metaspace: 36730K(37376K)->36730K(37376K) NonClass: 32666K(33024K)->32666K(33024K) Class: 4064K(4352K)->4064K(4352K)
[1.344s][info][gc          ] GC(9) Pause Young (Concurrent Start) (Metadata GC Threshold) 59M->58M(192M) 2.211ms
[1.344s][info][gc,cpu      ] GC(9) User=0.01s Sys=0.00s Real=0.00s
[1.344s][info][gc          ] GC(10) Concurrent Mark Cycle
[1.344s][info][gc,marking  ] GC(10) Concurrent Scan Root Regions
[1.346s][info][gc,marking  ] GC(10) Concurrent Scan Root Regions 2.190ms
[1.346s][info][gc,marking  ] GC(10) Concurrent Mark
[1.346s][info][gc,marking  ] GC(10) Concurrent Mark From Roots
[1.346s][info][gc,task     ] GC(10) Using 1 workers of 1 for marking
[1.404s][info][gc,marking  ] GC(10) Concurrent Mark From Roots 57.372ms
[1.404s][info][gc,marking  ] GC(10) Concurrent Preclean
[1.404s][info][gc,marking  ] GC(10) Concurrent Preclean 0.093ms
[1.404s][info][gc,start    ] GC(10) Pause Remark
[1.408s][info][gc          ] GC(10) Pause Remark 61M->61M(192M) 4.163ms
[1.408s][info][gc,cpu      ] GC(10) User=0.01s Sys=0.00s Real=0.01s
[1.411s][info][gc,marking  ] GC(10) Concurrent Mark 64.755ms
[1.411s][info][gc,marking  ] GC(10) Concurrent Rebuild Remembered Sets and Scrub Regions
[1.437s][info][gc,marking  ] GC(10) Concurrent Rebuild Remembered Sets and Scrub Regions 25.766ms
[1.440s][info][gc,start    ] GC(10) Pause Cleanup
[1.440s][info][gc          ] GC(10) Pause Cleanup 62M->62M(192M) 0.081ms
[1.440s][info][gc,cpu      ] GC(10) User=0.00s Sys=0.00s Real=0.00s
[1.441s][info][gc,marking  ] GC(10) Concurrent Clear Claimed Marks
[1.441s][info][gc,marking  ] GC(10) Concurrent Clear Claimed Marks 0.087ms
[1.441s][info][gc,marking  ] GC(10) Concurrent Cleanup for Next Mark
[1.441s][info][gc,marking  ] GC(10) Concurrent Cleanup for Next Mark 0.173ms
[1.441s][info][gc          ] GC(10) Concurrent Mark Cycle 97.197ms
[2.134s][info][gc,start    ] GC(11) Pause Young (Prepare Mixed) (G1 Evacuation Pause)
[2.134s][info][gc,task     ] GC(11) Using 4 workers of 4 for evacuation
[2.144s][info][gc,phases   ] GC(11)   Pre Evacuate Collection Set: 0.1ms
[2.144s][info][gc,phases   ] GC(11)   Merge Heap Roots: 0.1ms
[2.144s][info][gc,phases   ] GC(11)   Evacuate Collection Set: 9.0ms
[2.144s][info][gc,phases   ] GC(11)   Post Evacuate Collection Set: 0.7ms
[2.144s][info][gc,phases   ] GC(11)   Other: 0.1ms
[2.144s][info][gc,heap     ] GC(11) Eden regions: 9->0(7)
[2.144s][info][gc,heap     ] GC(11) Survivor regions: 1->2(2)
[2.144s][info][gc,heap     ] GC(11) Old regions: 6->7
[2.144s][info][gc,heap     ] GC(11) Humongous regions: 1->1
[2.144s][info][gc,metaspace] GC(11) Metaspace: 59383K(60288K)->59383K(60288K) NonClass: 52532K(53056K)->52532K(53056K) Class: 6850K(7232K)->6850K(7232K)
[2.144s][info][gc          ] GC(11) Pause Young (Prepare Mixed) (G1 Evacuation Pause) 130M->73M(192M) 10.020ms
[2.144s][info][gc,cpu      ] GC(11) User=0.04s Sys=0.00s Real=0.01s
[2.438s][info][gc,start    ] GC(12) Pause Young (Mixed) (Metadata GC Threshold)
[2.438s][info][gc,task     ] GC(12) Using 4 workers of 4 for evacuation
[2.455s][info][gc,phases   ] GC(12)   Pre Evacuate Collection Set: 0.1ms
[2.455s][info][gc,phases   ] GC(12)   Merge Heap Roots: 0.1ms
[2.455s][info][gc,phases   ] GC(12)   Evacuate Collection Set: 13.9ms
[2.455s][info][gc,phases   ] GC(12)   Post Evacuate Collection Set: 2.3ms
[2.455s][info][gc,phases   ] GC(12)   Other: 0.0ms
[2.455s][info][gc,heap     ] GC(12) Eden regions: 2->0(12)
[2.455s][info][gc,heap     ] GC(12) Survivor regions: 2->1(2)
[2.455s][info][gc,heap     ] GC(12) Old regions: 7->9
[2.455s][info][gc,heap     ] GC(12) Humongous regions: 1->1
[2.455s][info][gc,metaspace] GC(12) Metaspace: 65809K(66816K)->65809K(66816K) NonClass: 58183K(58752K)->58183K(58752K) Class: 7625K(8064K)->7625K(8064K)
[2.455s][info][gc          ] GC(12) Pause Young (Mixed) (Metadata GC Threshold) 87M->75M(272M) 16.585ms
[2.455s][info][gc,cpu      ] GC(12) User=0.06s Sys=0.01s Real=0.01s
[2.469s][info][gc,start    ] GC(13) Pause Young (Concurrent Start) (Metadata GC Threshold)
[2.469s][info][gc,task     ] GC(13) Using 4 workers of 4 for evacuation
[2.474s][info][gc,phases   ] GC(13)   Pre Evacuate Collection Set: 0.1ms
[2.474s][info][gc,phases   ] GC(13)   Merge Heap Roots: 0.1ms
[2.474s][info][gc,phases   ] GC(13)   Evacuate Collection Set: 3.8ms
[2.474s][info][gc,phases   ] GC(13)   Post Evacuate Collection Set: 0.4ms
[2.474s][info][gc,phases   ] GC(13)   Other: 0.1ms
[2.474s][info][gc,heap     ] GC(13) Eden regions: 1->0(14)
[2.474s][info][gc,heap     ] GC(13) Survivor regions: 1->1(2)
[2.474s][info][gc,heap     ] GC(13) Old regions: 9->9
[2.474s][info][gc,heap     ] GC(13) Humongous regions: 1->1
[2.474s][info][gc,metaspace] GC(13) Metaspace: 66121K(67136K)->66121K(67136K) NonClass: 58457K(59072K)->58457K(59072K) Class: 7664K(8064K)->7664K(8064K)
[2.474s][info][gc          ] GC(13) Pause Young (Concurrent Start) (Metadata GC Threshold) 76M->74M(272M) 4.562ms
[2.474s][info][gc,cpu      ] GC(13) User=0.01s Sys=0.00s Real=0.00s
[2.474s][info][gc          ] GC(14) Concurrent Mark Cycle
[2.474s][info][gc,marking  ] GC(14) Concurrent Scan Root Regions
[2.476s][info][gc,marking  ] GC(14) Concurrent Scan Root Regions 2.811ms
[2.476s][info][gc,marking  ] GC(14) Concurrent Mark
[2.476s][info][gc,marking  ] GC(14) Concurrent Mark From Roots
[2.476s][info][gc,task     ] GC(14) Using 1 workers of 1 for marking
[2.527s][info][gc,marking  ] GC(14) Concurrent Mark From Roots 51.007ms
[2.528s][info][gc,marking  ] GC(14) Concurrent Preclean
[2.528s][info][gc,marking  ] GC(14) Concurrent Preclean 0.070ms
[2.528s][info][gc,start    ] GC(14) Pause Remark
[2.535s][info][gc          ] GC(14) Pause Remark 77M->77M(272M) 7.230ms
[2.535s][info][gc,cpu      ] GC(14) User=0.02s Sys=0.01s Real=0.01s
[2.540s][info][gc,marking  ] GC(14) Concurrent Mark 63.146ms
[2.540s][info][gc,marking  ] GC(14) Concurrent Rebuild Remembered Sets and Scrub Regions
[2.559s][info][gc,marking  ] GC(14) Concurrent Rebuild Remembered Sets and Scrub Regions 19.670ms
[2.559s][info][gc,start    ] GC(14) Pause Cleanup
[2.560s][info][gc          ] GC(14) Pause Cleanup 78M->78M(272M) 0.076ms
[2.560s][info][gc,cpu      ] GC(14) User=0.00s Sys=0.00s Real=0.00s
[2.560s][info][gc,marking  ] GC(14) Concurrent Clear Claimed Marks
[2.560s][info][gc,marking  ] GC(14) Concurrent Clear Claimed Marks 0.075ms
[2.560s][info][gc,marking  ] GC(14) Concurrent Cleanup for Next Mark
[2.560s][info][gc,marking  ] GC(14) Concurrent Cleanup for Next Mark 0.749ms
[2.560s][info][gc          ] GC(14) Concurrent Mark Cycle 86.804ms
[3.445s][info][gc,start    ] GC(15) Pause Young (Prepare Mixed) (G1 Evacuation Pause)
[3.445s][info][gc,task     ] GC(15) Using 4 workers of 4 for evacuation
[3.460s][info][gc,phases   ] GC(15)   Pre Evacuate Collection Set: 0.1ms
[3.460s][info][gc,phases   ] GC(15)   Merge Heap Roots: 0.2ms
[3.460s][info][gc,phases   ] GC(15)   Evacuate Collection Set: 13.6ms
[3.460s][info][gc,phases   ] GC(15)   Post Evacuate Collection Set: 1.5ms
[3.460s][info][gc,phases   ] GC(15)   Other: 0.0ms
[3.460s][info][gc,heap     ] GC(15) Eden regions: 14->0(12)
[3.460s][info][gc,heap     ] GC(15) Survivor regions: 1->2(2)
[3.460s][info][gc,heap     ] GC(15) Old regions: 9->9
[3.460s][info][gc,heap     ] GC(15) Humongous regions: 4->3
[3.460s][info][gc,metaspace] GC(15) Metaspace: 93457K(94976K)->93457K(94976K) NonClass: 82278K(83200K)->82278K(83200K) Class: 11179K(11776K)->11179K(11776K)
[3.461s][info][gc          ] GC(15) Pause Young (Prepare Mixed) (G1 Evacuation Pause) 210M->108M(272M) 15.567ms
[3.461s][info][gc,cpu      ] GC(15) User=0.05s Sys=0.00s Real=0.02s
[4.080s][info][gc,start    ] GC(16) Pause Young (Mixed) (G1 Evacuation Pause)
[4.080s][info][gc,task     ] GC(16) Using 4 workers of 4 for evacuation
[4.109s][info][gc,phases   ] GC(16)   Pre Evacuate Collection Set: 0.1ms
[4.109s][info][gc,phases   ] GC(16)   Merge Heap Roots: 0.1ms
[4.109s][info][gc,phases   ] GC(16)   Evacuate Collection Set: 26.7ms
[4.109s][info][gc,phases   ] GC(16)   Post Evacuate Collection Set: 1.6ms
[4.109s][info][gc,phases   ] GC(16)   Other: 0.0ms
[4.109s][info][gc,heap     ] GC(16) Eden regions: 12->0(13)
[4.109s][info][gc,heap     ] GC(16) Survivor regions: 2->2(2)
[4.109s][info][gc,heap     ] GC(16) Old regions: 9->12
[4.109s][info][gc,heap     ] GC(16) Humongous regions: 11->4
[4.109s][info][gc,metaspace] GC(16) Metaspace: 110184K(111936K)->110184K(111936K) NonClass: 96857K(97856K)->96857K(97856K) Class: 13327K(14080K)->13327K(14080K)
[4.109s][info][gc          ] GC(16) Pause Young (Mixed) (G1 Evacuation Pause) 268M->141M(320M) 28.662ms
[4.109s][info][gc,cpu      ] GC(16) User=0.10s Sys=0.01s Real=0.03s
[4.145s][info][gc,start    ] GC(17) Pause Young (Concurrent Start) (Metadata GC Threshold)
[4.145s][info][gc,task     ] GC(17) Using 4 workers of 4 for evacuation
[4.157s][info][gc,phases   ] GC(17)   Pre Evacuate Collection Set: 0.1ms
[4.157s][info][gc,phases   ] GC(17)   Merge Heap Roots: 0.1ms
[4.157s][info][gc,phases   ] GC(17)   Evacuate Collection Set: 10.5ms
[4.157s][info][gc,phases   ] GC(17)   Post Evacuate Collection Set: 0.5ms
[4.157s][info][gc,phases   ] GC(17)   Other: 0.1ms
[4.157s][info][gc,heap     ] GC(17) Eden regions: 2->0(12)
[4.157s][info][gc,heap     ] GC(17) Survivor regions: 2->1(2)
[4.157s][info][gc,heap     ] GC(17) Old regions: 12->14
[4.157s][info][gc,heap     ] GC(17) Humongous regions: 4->4
[4.157s][info][gc,metaspace] GC(17) Metaspace: 111091K(112768K)->111091K(112768K) NonClass: 97643K(98624K)->97643K(98624K) Class: 13447K(14144K)->13447K(14144K)
[4.157s][info][gc          ] GC(17) Pause Young (Concurrent Start) (Metadata GC Threshold) 153M->148M(320M) 11.369ms
[4.157s][info][gc,cpu      ] GC(17) User=0.04s Sys=0.00s Real=0.01s
[4.157s][info][gc          ] GC(18) Concurrent Mark Cycle
[4.157s][info][gc,marking  ] GC(18) Concurrent Scan Root Regions
[4.179s][info][gc,marking  ] GC(18) Concurrent Scan Root Regions 22.697ms
[4.180s][info][gc,marking  ] GC(18) Concurrent Mark
[4.180s][info][gc,marking  ] GC(18) Concurrent Mark From Roots
[4.180s][info][gc,task     ] GC(18) Using 1 workers of 1 for marking
[4.336s][info][gc,marking  ] GC(18) Concurrent Mark From Roots 156.622ms
[4.336s][info][gc,marking  ] GC(18) Concurrent Preclean
[4.341s][info][gc,marking  ] GC(18) Concurrent Preclean 4.702ms
[4.345s][info][gc,start    ] GC(18) Pause Remark
[4.359s][info][gc          ] GC(18) Pause Remark 197M->197M(320M) 14.177ms
[4.359s][info][gc,cpu      ] GC(18) User=0.05s Sys=0.00s Real=0.02s
[4.362s][info][gc,marking  ] GC(18) Concurrent Mark 182.169ms
[4.362s][info][gc,marking  ] GC(18) Concurrent Rebuild Remembered Sets and Scrub Regions
[4.449s][info][gc,marking  ] GC(18) Concurrent Rebuild Remembered Sets and Scrub Regions 87.515ms
[4.468s][info][gc,start    ] GC(18) Pause Cleanup
[4.468s][info][gc          ] GC(18) Pause Cleanup 220M->220M(320M) 0.097ms
[4.468s][info][gc,cpu      ] GC(18) User=0.00s Sys=0.00s Real=0.00s
[4.476s][info][gc,marking  ] GC(18) Concurrent Clear Claimed Marks
[4.476s][info][gc,marking  ] GC(18) Concurrent Clear Claimed Marks 0.126ms
[4.476s][info][gc,marking  ] GC(18) Concurrent Cleanup for Next Mark
[4.484s][info][gc,marking  ] GC(18) Concurrent Cleanup for Next Mark 7.272ms
[4.484s][info][gc          ] GC(18) Concurrent Mark Cycle 326.855ms
[4.575s][info][gc,start    ] GC(19) Pause Young (Prepare Mixed) (G1 Evacuation Pause)
[4.575s][info][gc,task     ] GC(19) Using 4 workers of 4 for evacuation
[4.588s][info][gc,phases   ] GC(19)   Pre Evacuate Collection Set: 0.1ms
[4.588s][info][gc,phases   ] GC(19)   Merge Heap Roots: 0.1ms
[4.588s][info][gc,phases   ] GC(19)   Evacuate Collection Set: 12.2ms
[4.588s][info][gc,phases   ] GC(19)   Post Evacuate Collection Set: 0.8ms
[4.588s][info][gc,phases   ] GC(19)   Other: 0.0ms
[4.588s][info][gc,heap     ] GC(19) Eden regions: 12->0(10)
[4.588s][info][gc,heap     ] GC(19) Survivor regions: 1->2(2)
[4.588s][info][gc,heap     ] GC(19) Old regions: 14->16
[4.588s][info][gc,heap     ] GC(19) Humongous regions: 4->4
[4.588s][info][gc,metaspace] GC(19) Metaspace: 116134K(117888K)->116134K(117888K) NonClass: 102008K(103040K)->102008K(103040K) Class: 14125K(14848K)->14125K(14848K)
[4.588s][info][gc          ] GC(19) Pause Young (Prepare Mixed) (G1 Evacuation Pause) 242M->174M(320M) 13.370ms
[4.588s][info][gc,cpu      ] GC(19) User=0.05s Sys=0.00s Real=0.02s
[4.969s][info][gc,start    ] GC(20) Pause Young (Mixed) (G1 Evacuation Pause)
[4.969s][info][gc,task     ] GC(20) Using 4 workers of 4 for evacuation
[4.978s][info][gc,phases   ] GC(20)   Pre Evacuate Collection Set: 0.1ms
[4.978s][info][gc,phases   ] GC(20)   Merge Heap Roots: 0.1ms
[4.978s][info][gc,phases   ] GC(20)   Evacuate Collection Set: 8.7ms
[4.978s][info][gc,phases   ] GC(20)   Post Evacuate Collection Set: 0.9ms
[4.978s][info][gc,phases   ] GC(20)   Other: 0.0ms
[4.978s][info][gc,heap     ] GC(20) Eden regions: 10->0(25)
[4.978s][info][gc,heap     ] GC(20) Survivor regions: 2->1(2)
[4.978s][info][gc,heap     ] GC(20) Old regions: 16->18
[4.978s][info][gc,heap     ] GC(20) Humongous regions: 4->4
[4.978s][info][gc,metaspace] GC(20) Metaspace: 122051K(123840K)->122051K(123840K) NonClass: 107191K(108224K)->107191K(108224K) Class: 14859K(15616K)->14859K(15616K)
[4.979s][info][gc          ] GC(20) Pause Young (Mixed) (G1 Evacuation Pause) 254M->177M(512M) 9.979ms
[4.979s][info][gc,cpu      ] GC(20) User=0.03s Sys=0.00s Real=0.01s
[5.938s][info][gc,start    ] GC(21) Pause Young (Normal) (G1 Evacuation Pause)
[5.938s][info][gc,task     ] GC(21) Using 4 workers of 4 for evacuation
[5.944s][info][gc,phases   ] GC(21)   Pre Evacuate Collection Set: 0.1ms
[5.944s][info][gc,phases   ] GC(21)   Merge Heap Roots: 0.1ms
[5.944s][info][gc,phases   ] GC(21)   Evacuate Collection Set: 5.8ms
[5.944s][info][gc,phases   ] GC(21)   Post Evacuate Collection Set: 0.7ms
[5.944s][info][gc,phases   ] GC(21)   Other: 0.0ms
[5.944s][info][gc,heap     ] GC(21) Eden regions: 25->0(30)
[5.944s][info][gc,heap     ] GC(21) Survivor regions: 1->2(4)
[5.944s][info][gc,heap     ] GC(21) Old regions: 18->18
[5.944s][info][gc,heap     ] GC(21) Humongous regions: 9->6
[5.944s][info][gc,metaspace] GC(21) Metaspace: 126397K(128192K)->126397K(128192K) NonClass: 111085K(112128K)->111085K(112128K) Class: 15311K(16064K)->15311K(16064K)
[5.945s][info][gc          ] GC(21) Pause Young (Normal) (G1 Evacuation Pause) 417M->199M(512M) 6.804ms
[5.945s][info][gc,cpu      ] GC(21) User=0.02s Sys=0.01s Real=0.00s
[8.062s][info][gc,start    ] GC(22) Pause Young (Normal) (G1 Evacuation Pause)
[8.062s][info][gc,task     ] GC(22) Using 4 workers of 4 for evacuation
[8.075s][info][gc,phases   ] GC(22)   Pre Evacuate Collection Set: 0.1ms
[8.075s][info][gc,phases   ] GC(22)   Merge Heap Roots: 0.1ms
[8.075s][info][gc,phases   ] GC(22)   Evacuate Collection Set: 11.8ms
[8.075s][info][gc,phases   ] GC(22)   Post Evacuate Collection Set: 0.9ms
[8.075s][info][gc,phases   ] GC(22)   Other: 0.0ms
[8.075s][info][gc,heap     ] GC(22) Eden regions: 30->0(29)
[8.075s][info][gc,heap     ] GC(22) Survivor regions: 2->3(4)
[8.075s][info][gc,heap     ] GC(22) Old regions: 18->18
[8.075s][info][gc,heap     ] GC(22) Humongous regions: 6->6
[8.075s][info][gc,metaspace] GC(22) Metaspace: 135364K(137408K)->135364K(137408K) NonClass: 118916K(120128K)->118916K(120128K) Class: 16448K(17280K)->16448K(17280K)
[8.075s][info][gc          ] GC(22) Pause Young (Normal) (G1 Evacuation Pause) 439M->213M(512M) 13.104ms
[8.075s][info][gc,cpu      ] GC(22) User=0.05s Sys=0.00s Real=0.01s
[9.193s][info][gc,start    ] GC(23) Pause Young (Concurrent Start) (G1 Evacuation Pause)
[9.193s][info][gc,task     ] GC(23) Using 4 workers of 4 for evacuation
[9.212s][info][gc,phases   ] GC(23)   Pre Evacuate Collection Set: 0.1ms
[9.212s][info][gc,phases   ] GC(23)   Merge Heap Roots: 0.1ms
[9.212s][info][gc,phases   ] GC(23)   Evacuate Collection Set: 17.5ms
[9.212s][info][gc,phases   ] GC(23)   Post Evacuate Collection Set: 1.3ms
[9.212s][info][gc,phases   ] GC(23)   Other: 0.1ms
[9.212s][info][gc,heap     ] GC(23) Eden regions: 29->0(29)
[9.212s][info][gc,heap     ] GC(23) Survivor regions: 3->3(4)
[9.212s][info][gc,heap     ] GC(23) Old regions: 18->19
[9.212s][info][gc,heap     ] GC(23) Humongous regions: 6->6
[9.212s][info][gc,metaspace] GC(23) Metaspace: 146690K(148864K)->146690K(148864K) NonClass: 128945K(130240K)->128945K(130240K) Class: 17744K(18624K)->17744K(18624K)
[9.212s][info][gc          ] GC(23) Pause Young (Concurrent Start) (G1 Evacuation Pause) 445M->219M(512M) 19.185ms
[9.212s][info][gc          ] GC(24) Concurrent Mark Cycle
[9.212s][info][gc,marking  ] GC(24) Concurrent Scan Root Regions
[9.215s][info][gc,cpu      ] GC(23) User=0.07s Sys=0.00s Real=0.03s
[9.252s][info][gc,marking  ] GC(24) Concurrent Scan Root Regions 40.023ms
[9.252s][info][gc,marking  ] GC(24) Concurrent Mark
[9.252s][info][gc,marking  ] GC(24) Concurrent Mark From Roots
[9.252s][info][gc,task     ] GC(24) Using 1 workers of 1 for marking
[9.360s][info][gc,marking  ] GC(24) Concurrent Mark From Roots 108.139ms
[9.360s][info][gc,marking  ] GC(24) Concurrent Preclean
[9.361s][info][gc,marking  ] GC(24) Concurrent Preclean 0.128ms
[9.361s][info][gc,start    ] GC(24) Pause Remark
[9.377s][info][gc          ] GC(24) Pause Remark 234M->194M(512M) 16.019ms
[9.377s][info][gc,cpu      ] GC(24) User=0.05s Sys=0.00s Real=0.02s
[9.378s][info][gc,marking  ] GC(24) Concurrent Mark 125.623ms
[9.378s][info][gc,marking  ] GC(24) Concurrent Rebuild Remembered Sets and Scrub Regions
[9.457s][info][gc,marking  ] GC(24) Concurrent Rebuild Remembered Sets and Scrub Regions 79.588ms
[9.459s][info][gc,start    ] GC(24) Pause Cleanup
[9.459s][info][gc          ] GC(24) Pause Cleanup 198M->198M(512M) 0.099ms
[9.459s][info][gc,cpu      ] GC(24) User=0.00s Sys=0.00s Real=0.00s
[9.462s][info][gc,marking  ] GC(24) Concurrent Clear Claimed Marks
[9.462s][info][gc,marking  ] GC(24) Concurrent Clear Claimed Marks 0.176ms
[9.462s][info][gc,marking  ] GC(24) Concurrent Cleanup for Next Mark
[9.463s][info][gc,marking  ] GC(24) Concurrent Cleanup for Next Mark 1.112ms
[9.463s][info][gc          ] GC(24) Concurrent Mark Cycle 251.303ms
[13.636s][info][gc,start    ] GC(25) Pause Young (Prepare Mixed) (G1 Evacuation Pause)
[13.636s][info][gc,task     ] GC(25) Using 4 workers of 4 for evacuation
[13.669s][info][gc,phases   ] GC(25)   Pre Evacuate Collection Set: 0.1ms
[13.669s][info][gc,phases   ] GC(25)   Merge Heap Roots: 0.1ms
[13.669s][info][gc,phases   ] GC(25)   Evacuate Collection Set: 29.4ms
[13.669s][info][gc,phases   ] GC(25)   Post Evacuate Collection Set: 2.9ms
[13.669s][info][gc,phases   ] GC(25)   Other: 0.1ms
[13.669s][info][gc,heap     ] GC(25) Eden regions: 29->0(28)
[13.669s][info][gc,heap     ] GC(25) Survivor regions: 3->4(4)
[13.669s][info][gc,heap     ] GC(25) Old regions: 18->21
[13.669s][info][gc,heap     ] GC(25) Humongous regions: 2->2
[13.669s][info][gc,metaspace] GC(25) Metaspace: 187447K(189952K)->187447K(189952K) NonClass: 162607K(164032K)->162607K(164032K) Class: 24839K(25920K)->24839K(25920K)
[13.669s][info][gc          ] GC(25) Pause Young (Prepare Mixed) (G1 Evacuation Pause) 411M->213M(512M) 32.734ms
[13.669s][info][gc,cpu      ] GC(25) User=0.10s Sys=0.00s Real=0.03s
[15.416s][info][gc,heap,exit] Heap
[15.416s][info][gc,heap,exit]  garbage-first heap   total 524288K, used 428719K [0x0000000544000000, 0x0000000800000000)
[15.416s][info][gc,heap,exit]   region size 8192K, 30 young (245760K), 4 survivors (32768K)
[15.416s][info][gc,heap,exit]  Metaspace       used 196238K, committed 198848K, reserved 1245184K
[15.416s][info][gc,heap,exit]   class space    used 25981K, committed 27136K, reserved 1048576K
