[0.125s][info][gc,start    ] GC(1) Pause Young (Normal) (G1 Evacuation Pause)
[0.125s][info][gc,task     ] GC(1) Using 3 workers of 4 for evacuation
[0.128s][info][gc,phases   ] GC(1)   Pre Evacuate Collection Set: 0.1ms
[0.128s][info][gc,phases   ] GC(1)   Merge Heap Roots: 0.0ms
[0.128s][info][gc,phases   ] GC(1)   Evacuate Collection Set: 2.4ms
[0.128s][info][gc,phases   ] GC(1)   Post Evacuate Collection Set: 0.3ms
[0.128s][info][gc,phases   ] GC(1)   Other: 0.0ms
[0.128s][info][gc,heap     ] GC(1) Eden regions: 1->0(1)
[0.128s][info][gc,heap     ] GC(1) Survivor regions: 1->1(1)
[0.128s][info][gc,heap     ] GC(1) Old regions: 1->2
[0.128s][info][gc,heap     ] GC(1) Humongous regions: 1->1
[0.128s][info][gc,metaspace] GC(1) Metaspace: 739K(896K)->739K(896K) NonClass: 679K(768K)->679K(768K) Class: 60K(128K)->60K(128K)
[0.128s][info][gc          ] GC(1) Pause Young (Normal) (G1 Evacuation Pause) 23M->22M(136M) 2.967ms
[0.128s][info][gc,cpu      ] GC(1) User=0.01s Sys=0.01s Real=0.01s
[0.152s][info][gc,start    ] GC(2) Pause Young (Normal) (G1 Evacuation Pause)
[0.152s][info][gc,task     ] GC(2) Using 3 workers of 4 for evacuation
[0.153s][info][gc,phases   ] GC(2)   Pre Evacuate Collection Set: 0.1ms
[0.154s][info][gc,phases   ] GC(2)   Merge Heap Roots: 0.0ms
[0.154s][info][gc,phases   ] GC(2)   Evacuate Collection Set: 1.2ms
[0.154s][info][gc,phases   ] GC(2)   Post Evacuate Collection Set: 0.2ms
[0.154s][info][gc,phases   ] GC(2)   Other: 0.0ms
[0.154s][info][gc,heap     ] GC(2) Eden regions: 1->0(2)
[0.154s][info][gc,heap     ] GC(2) Survivor regions: 1->1(1)
[0.154s][info][gc,heap     ] GC(2) Old regions: 2->3
[0.154s][info][gc,heap     ] GC(2) Humongous regions: 1->1
[0.154s][info][gc,metaspace] GC(2) Metaspace: 1834K(2048K)->1834K(2048K) NonClass: 1758K(1856K)->1758K(1856K) Class: 75K(192K)->75K(192K)
[0.154s][info][gc          ] GC(2) Pause Young (Normal) (G1 Evacuation Pause) 30M->25M(136M) 1.649ms
[0.154s][info][gc,cpu      ] GC(2) User=0.00s Sys=0.00s Real=0.00s
[0.452s][info][gc,start    ] GC(3) Pause Young (Normal) (G1 Evacuation Pause)
[0.452s][info][gc,task     ] GC(3) Using 4 workers of 4 for evacuation
[0.457s][info][gc,phases   ] GC(3)   Pre Evacuate Collection Set: 0.1ms
[0.457s][info][gc,phases   ] GC(3)   Merge Heap Roots: 0.0ms
[0.457s][info][gc,phases   ] GC(3)   Evacuate Collection Set: 4.4ms
[0.457s][info][gc,phases   ] GC(3)   Post Evacuate Collection Set: 0.3ms
[0.457s][info][gc,phases   ] GC(3)   Other: 0.2ms
[0.457s][info][gc,heap     ] GC(3) Eden regions: 2->0(3)
[0.457s][info][gc,heap     ] GC(3) Survivor regions: 1->1(1)
[0.457s][info][gc,heap     ] GC(3) Old regions: 3->3
[0.457s][info][gc,heap     ] GC(3) Humongous regions: 1->1
[0.457s][info][gc,metaspace] GC(3) Metaspace: 15625K(15936K)->15625K(15936K) NonClass: 14024K(14208K)->14024K(14208K) Class: 1600K(1728K)->1600K(1728K)
[0.457s][info][gc          ] GC(3) Pause Young (Normal) (G1 Evacuation Pause) 41M->30M(136M) 5.151ms
[0.457s][info][gc,cpu      ] GC(3) User=0.02s Sys=0.01s Real=0.01s
[0.581s][info][gc,start    ] GC(4) Pause Young (Normal) (G1 Evacuation Pause)
[0.581s][info][gc,task     ] GC(4) Using 4 workers of 4 for evacuation
[0.590s][info][gc,phases   ] GC(4)   Pre Evacuate Collection Set: 0.1ms
[0.591s][info][gc,phases   ] GC(4)   Merge Heap Roots: 0.0ms
[0.591s][info][gc,phases   ] GC(4)   Evacuate Collection Set: 8.3ms
[0.591s][info][gc,phases   ] GC(4)   Post Evacuate Collection Set: 0.5ms
[0.591s][info][gc,phases   ] GC(4)   Other: 0.1ms
[0.591s][info][gc,heap     ] GC(4) Eden regions: 3->0(3)
[0.591s][info][gc,heap     ] GC(4) Survivor regions: 1->1(1)
[0.591s][info][gc,heap     ] GC(4) Old regions: 3->4
[0.591s][info][gc,heap     ] GC(4) Humongous regions: 1->1
[0.591s][info][gc,metaspace] GC(4) Metaspace: 16467K(16768K)->16467K(16768K) NonClass: 14793K(14976K)->14793K(14976K) Class: 1674K(1792K)->1674K(1792K)
[0.591s][info][gc          ] GC(4) Pause Young (Normal) (G1 Evacuation Pause) 53M->40M(200M) 9.171ms
[0.591s][info][gc,cpu      ] GC(4) User=0.02s Sys=0.01s Real=0.01s
[0.801s][info][gc,start    ] GC(5) Pause Young (Concurrent Start) (Metadata GC Threshold)
[0.801s][info][gc,task     ] GC(5) Using 4 workers of 4 for evacuation
[0.807s][info][gc,phases   ] GC(5)   Pre Evacuate Collection Set: 0.1ms
[0.807s][info][gc,phases   ] GC(5)   Merge Heap Roots: 0.1ms
[0.807s][info][gc,phases   ] GC(5)   Evacuate Collection Set: 6.0ms
[0.807s][info][gc,phases   ] GC(5)   Post Evacuate Collection Set: 0.4ms
[0.807s][info][gc,phases   ] GC(5)   Other: 0.1ms
[0.807s][info][gc,heap     ] GC(5) Eden regions: 2->0(4)
[0.807s][info][gc,heap     ] GC(5) Survivor regions: 1->1(1)
[0.807s][info][gc,heap     ] GC(5) Old regions: 4->5
[0.807s][info][gc,heap     ] GC(5) Humongous regions: 1->1
[0.807s][info][gc,metaspace] GC(5) Metaspace: 21147K(21504K)->21147K(21504K) NonClass: 18951K(19136K)->18951K(19136K) Class: 2195K(2368K)->2195K(2368K)
[0.807s][info][gc          ] GC(5) Pause Young (Concurrent Start) (Metadata GC Threshold) 55M->47M(200M) 6.741ms
[0.807s][info][gc,cpu      ] GC(5) User=0.02s Sys=0.00s Real=0.01s
[0.807s][info][gc          ] GC(6) Concurrent Mark Cycle
[0.807s][info][gc,marking  ] GC(6) Concurrent Scan Root Regions
[0.813s][info][gc,marking  ] GC(6) Concurrent Scan Root Regions 5.881ms
[0.813s][info][gc,marking  ] GC(6) Concurrent Mark
[0.813s][info][gc,marking  ] GC(6) Concurrent Mark From Roots
[0.813s][info][gc,task     ] GC(6) Using 1 workers of 1 for marking
[0.835s][info][gc,marking  ] GC(6) Concurrent Mark From Roots 22.077ms
[0.835s][info][gc,marking  ] GC(6) Concurrent Preclean
[0.835s][info][gc,marking  ] GC(6) Concurrent Preclean 0.061ms
[0.836s][info][gc,start    ] GC(6) Pause Remark
[0.838s][info][gc          ] GC(6) Pause Remark 49M->49M(192M) 1.928ms
[0.838s][info][gc,cpu      ] GC(6) User=0.01s Sys=0.00s Real=0.01s
[0.838s][info][gc,marking  ] GC(6) Concurrent Mark 24.844ms
[0.838s][info][gc,marking  ] GC(6) Concurrent Rebuild Remembered Sets and Scrub Regions
[0.847s][info][gc,marking  ] GC(6) Concurrent Rebuild Remembered Sets and Scrub Regions 9.129ms
[0.847s][info][gc,start    ] GC(6) Pause Cleanup
[0.847s][info][gc          ] GC(6) Pause Cleanup 50M->50M(192M) 0.066ms
[0.847s][info][gc,cpu      ] GC(6) User=0.00s Sys=0.00s Real=0.00s
[0.847s][info][gc,marking  ] GC(6) Concurrent Clear Claimed Marks
[0.847s][info][gc,marking  ] GC(6) Concurrent Clear Claimed Marks 0.013ms
[0.847s][info][gc,marking  ] GC(6) Concurrent Cleanup for Next Mark
[0.848s][info][gc,marking  ] GC(6) Concurrent Cleanup for Next Mark 0.806ms
[0.848s][info][gc          ] GC(6) Concurrent Mark Cycle 40.987ms
[1.112s][info][gc,start    ] GC(7) Pause Young (Prepare Mixed) (G1 Evacuation Pause)
[1.112s][info][gc,task     ] GC(7) Using 4 workers of 4 for evacuation
[1.119s][info][gc,phases   ] GC(7)   Pre Evacuate Collection Set: 0.1ms
[1.119s][info][gc,phases   ] GC(7)   Merge Heap Roots: 0.1ms
[1.119s][info][gc,phases   ] GC(7)   Evacuate Collection Set: 5.6ms
[1.119s][info][gc,phases   ] GC(7)   Post Evacuate Collection Set: 0.6ms
[1.119s][info][gc,phases   ] GC(7)   Other: 0.0ms
[1.119s][info][gc,heap     ] GC(7) Eden regions: 3->0(6)
[1.119s][info][gc,heap     ] GC(7) Survivor regions: 1->1(1)
[1.119s][info][gc,heap     ] GC(7) Old regions: 5->6
[1.119s][info][gc,heap     ] GC(7) Humongous regions: 1->1
[1.119s][info][gc,metaspace] GC(7) Metaspace: 33849K(34496K)->33849K(34496K) NonClass: 30068K(30464K)->30068K(30464K) Class: 3780K(4032K)->3780K(4032K)
[1.119s][info][gc          ] GC(7) Pause Young (Prepare Mixed) (G1 Evacuation Pause) 71M->54M(192M) 6.526ms
[1.119s][info][gc,cpu      ] GC(7) User=0.02s Sys=0.01s Real=0.01s
[1.177s][info][gc,start    ] GC(8) Pause Young (Mixed) (Metadata GC Threshold)
[1.177s][info][gc,task     ] GC(8) Using 4 workers of 4 for evacuation
[1.184s][info][gc,phases   ] GC(8)   Pre Evacuate Collection Set: 0.1ms
[1.184s][info][gc,phases   ] GC(8)   Merge Heap Roots: 0.1ms
[1.184s][info][gc,phases   ] GC(8)   Evacuate Collection Set: 6.5ms
[1.184s][info][gc,phases   ] GC(8)   Post Evacuate Collection Set: 0.4ms
[1.184s][info][gc,phases   ] GC(8)   Other: 0.0ms
[1.184s][info][gc,heap     ] GC(8) Eden regions: 2->0(7)
[1.184s][info][gc,heap     ] GC(8) Survivor regions: 1->1(1)
[1.184s][info][gc,heap     ] GC(8) Old regions: 6->6
[1.184s][info][gc,heap     ] GC(8) Humongous regions: 1->1
[1.184s][info][gc,metaspace] GC(8) Metaspace: 36129K(36928K)->36129K(36928K) NonClass: 32068K(32512K)->32068K(32512K) Class: 4061K(4416K)->4061K(4416K)
[1.184s][info][gc          ] GC(8) Pause Young (Mixed) (Metadata GC Threshold) 64M->57M(192M) 7.271ms
[1.184s][info][gc,cpu      ] GC(8) User=0.02s Sys=0.01s Real=0.00s
[1.196s][info][gc,start    ] GC(9) Pause Young (Concurrent Start) (Metadata GC Threshold)
[1.196s][info][gc,task     ] GC(9) Using 4 workers of 4 for evacuation
[1.197s][info][gc,phases   ] GC(9)   Pre Evacuate Collection Set: 0.1ms
[1.197s][info][gc,phases   ] GC(9)   Merge Heap Roots: 0.0ms
[1.197s][info][gc,phases   ] GC(9)   Evacuate Collection Set: 1.1ms
[1.197s][info][gc,phases   ] GC(9)   Post Evacuate Collection Set: 0.2ms
[1.197s][info][gc,phases   ] GC(9)   Other: 0.1ms
[1.197s][info][gc,heap     ] GC(9) Eden regions: 1->0(8)
[1.197s][info][gc,heap     ] GC(9) Survivor regions: 1->1(1)
[1.197s][info][gc,heap     ] GC(9) Old regions: 6->6
[1.197s][info][gc,heap     ] GC(9) Humongous regions: 1->1
[1.197s][info][gc,metaspace] GC(9) Metaspace: 36433K(37248K)->36433K(37248K) NonClass: 32324K(32768K)->32324K(32768K) Class: 4109K(4480K)->4109K(4480K)
[1.197s][info][gc          ] GC(9) Pause Young (Concurrent Start) (Metadata GC Threshold) 58M->56M(192M) 1.528ms
[1.197s][info][gc,cpu      ] GC(9) User=0.00s Sys=0.00s Real=0.01s
[1.197s][info][gc          ] GC(10) Concurrent Mark Cycle
[1.197s][info][gc,marking  ] GC(10) Concurrent Scan Root Regions
[1.199s][info][gc,marking  ] GC(10) Concurrent Scan Root Regions 1.399ms
[1.199s][info][gc,marking  ] GC(10) Concurrent Mark
[1.199s][info][gc,marking  ] GC(10) Concurrent Mark From Roots
[1.199s][info][gc,task     ] GC(10) Using 1 workers of 1 for marking
[1.260s][info][gc,marking  ] GC(10) Concurrent Mark From Roots 61.139ms
[1.260s][info][gc,marking  ] GC(10) Concurrent Preclean
[1.260s][info][gc,marking  ] GC(10) Concurrent Preclean 0.061ms
[1.263s][info][gc,start    ] GC(10) Pause Remark
[1.268s][info][gc          ] GC(10) Pause Remark 67M->67M(192M) 4.625ms
[1.268s][info][gc,cpu      ] GC(10) User=0.01s Sys=0.00s Real=0.01s
[1.269s][info][gc,marking  ] GC(10) Concurrent Mark 70.631ms
[1.269s][info][gc,marking  ] GC(10) Concurrent Rebuild Remembered Sets and Scrub Regions
[1.297s][info][gc,marking  ] GC(10) Concurrent Rebuild Remembered Sets and Scrub Regions 27.243ms
[1.297s][info][gc,start    ] GC(10) Pause Cleanup
[1.297s][info][gc          ] GC(10) Pause Cleanup 72M->72M(192M) 0.065ms
[1.297s][info][gc,cpu      ] GC(10) User=0.00s Sys=0.00s Real=0.00s
[1.299s][info][gc,marking  ] GC(10) Concurrent Clear Claimed Marks
[1.299s][info][gc,marking  ] GC(10) Concurrent Clear Claimed Marks 0.061ms
[1.299s][info][gc,marking  ] GC(10) Concurrent Cleanup for Next Mark
[1.299s][info][gc,marking  ] GC(10) Concurrent Cleanup for Next Mark 0.174ms
[1.299s][info][gc          ] GC(10) Concurrent Mark Cycle 101.611ms
[1.691s][info][gc,start    ] GC(11) Pause Young (Prepare Mixed) (G1 Evacuation Pause)
[1.691s][info][gc,task     ] GC(11) Using 4 workers of 4 for evacuation
[1.696s][info][gc,phases   ] GC(11)   Pre Evacuate Collection Set: 0.1ms
[1.696s][info][gc,phases   ] GC(11)   Merge Heap Roots: 0.1ms
[1.696s][info][gc,phases   ] GC(11)   Evacuate Collection Set: 4.6ms
[1.696s][info][gc,phases   ] GC(11)   Post Evacuate Collection Set: 0.6ms
[1.696s][info][gc,phases   ] GC(11)   Other: 0.0ms
[1.696s][info][gc,heap     ] GC(11) Eden regions: 8->0(7)
[1.696s][info][gc,heap     ] GC(11) Survivor regions: 1->2(2)
[1.696s][info][gc,heap     ] GC(11) Old regions: 6->6
[1.696s][info][gc,heap     ] GC(11) Humongous regions: 1->1
[1.696s][info][gc,metaspace] GC(11) Metaspace: 53215K(54144K)->53215K(54144K) NonClass: 47101K(47680K)->47101K(47680K) Class: 6114K(6464K)->6114K(6464K)
[1.696s][info][gc          ] GC(11) Pause Young (Prepare Mixed) (G1 Evacuation Pause) 120M->67M(192M) 5.510ms
[1.696s][info][gc,cpu      ] GC(11) User=0.02s Sys=0.00s Real=0.00s
[2.138s][info][gc,start    ] GC(12) Pause Young (Mixed) (Metadata GC Threshold)
[2.138s][info][gc,task     ] GC(12) Using 4 workers of 4 for evacuation
[2.152s][info][gc,phases   ] GC(12)   Pre Evacuate Collection Set: 0.1ms
[2.152s][info][gc,phases   ] GC(12)   Merge Heap Roots: 0.1ms
[2.152s][info][gc,phases   ] GC(12)   Evacuate Collection Set: 12.4ms
[2.152s][info][gc,phases   ] GC(12)   Post Evacuate Collection Set: 0.9ms
[2.152s][info][gc,phases   ] GC(12)   Other: 0.0ms
[2.152s][info][gc,heap     ] GC(12) Eden regions: 6->0(17)
[2.152s][info][gc,heap     ] GC(12) Survivor regions: 2->2(2)
[2.152s][info][gc,heap     ] GC(12) Old regions: 6->8
[2.152s][info][gc,heap     ] GC(12) Humongous regions: 1->1
[2.152s][info][gc,metaspace] GC(12) Metaspace: 62716K(63680K)->62716K(63680K) NonClass: 55345K(55936K)->55345K(55936K) Class: 7371K(7744K)->7371K(7744K)
[2.152s][info][gc          ] GC(12) Pause Young (Mixed) (Metadata GC Threshold) 113M->79M(304M) 13.661ms
[2.152s][info][gc,cpu      ] GC(12) User=0.04s Sys=0.01s Real=0.01s
[2.193s][info][gc,start    ] GC(13) Pause Young (Concurrent Start) (Metadata GC Threshold)
[2.193s][info][gc,task     ] GC(13) Using 4 workers of 4 for evacuation
[2.200s][info][gc,phases   ] GC(13)   Pre Evacuate Collection Set: 0.1ms
[2.200s][info][gc,phases   ] GC(13)   Merge Heap Roots: 0.1ms
[2.200s][info][gc,phases   ] GC(13)   Evacuate Collection Set: 6.9ms
[2.200s][info][gc,phases   ] GC(13)   Post Evacuate Collection Set: 0.4ms
[2.200s][info][gc,phases   ] GC(13)   Other: 0.1ms
[2.200s][info][gc,heap     ] GC(13) Eden regions: 1->0(17)
[2.200s][info][gc,heap     ] GC(13) Survivor regions: 2->2(3)
[2.200s][info][gc,heap     ] GC(13) Old regions: 8->8
[2.200s][info][gc,heap     ] GC(13) Humongous regions: 1->1
[2.200s][info][gc,metaspace] GC(13) Metaspace: 63008K(64000K)->63008K(64000K) NonClass: 55611K(56192K)->55611K(56192K) Class: 7396K(7808K)->7396K(7808K)
[2.201s][info][gc          ] GC(13) Pause Young (Concurrent Start) (Metadata GC Threshold) 85M->80M(304M) 7.691ms
[2.201s][info][gc,cpu      ] GC(13) User=0.02s Sys=0.01s Real=0.01s
[2.201s][info][gc          ] GC(14) Concurrent Mark Cycle
[2.201s][info][gc,marking  ] GC(14) Concurrent Scan Root Regions
[2.209s][info][gc,marking  ] GC(14) Concurrent Scan Root Regions 8.725ms
[2.209s][info][gc,marking  ] GC(14) Concurrent Mark
[2.209s][info][gc,marking  ] GC(14) Concurrent Mark From Roots
[2.209s][info][gc,task     ] GC(14) Using 1 workers of 1 for marking
[2.252s][info][gc,marking  ] GC(14) Concurrent Mark From Roots 43.112ms
[2.252s][info][gc,marking  ] GC(14) Concurrent Preclean
[2.253s][info][gc,marking  ] GC(14) Concurrent Preclean 0.093ms
[2.253s][info][gc,start    ] GC(14) Pause Remark
[2.259s][info][gc          ] GC(14) Pause Remark 86M->86M(296M) 6.612ms
[2.259s][info][gc,cpu      ] GC(14) User=0.02s Sys=0.00s Real=0.01s
[2.259s][info][gc,marking  ] GC(14) Concurrent Mark 50.092ms
[2.259s][info][gc,marking  ] GC(14) Concurrent Rebuild Remembered Sets and Scrub Regions
[2.277s][info][gc,marking  ] GC(14) Concurrent Rebuild Remembered Sets and Scrub Regions 17.279ms
[2.277s][info][gc,start    ] GC(14) Pause Cleanup
[2.277s][info][gc          ] GC(14) Pause Cleanup 87M->87M(296M) 0.071ms
[2.277s][info][gc,cpu      ] GC(14) User=0.00s Sys=0.00s Real=0.00s
[2.277s][info][gc,marking  ] GC(14) Concurrent Clear Claimed Marks
[2.277s][info][gc,marking  ] GC(14) Concurrent Clear Claimed Marks 0.045ms
[2.277s][info][gc,marking  ] GC(14) Concurrent Cleanup for Next Mark
[2.278s][info][gc,marking  ] GC(14) Concurrent Cleanup for Next Mark 1.085ms
[2.278s][info][gc          ] GC(14) Concurrent Mark Cycle 77.523ms
[7.356s][info][gc,start    ] GC(15) Pause Young (Prepare Mixed) (G1 Evacuation Pause)
[7.356s][info][gc,task     ] GC(15) Using 4 workers of 4 for evacuation
[7.374s][info][gc,phases   ] GC(15)   Pre Evacuate Collection Set: 0.1ms
[7.374s][info][gc,phases   ] GC(15)   Merge Heap Roots: 0.2ms
[7.374s][info][gc,phases   ] GC(15)   Evacuate Collection Set: 15.8ms
[7.374s][info][gc,phases   ] GC(15)   Post Evacuate Collection Set: 1.5ms
[7.374s][info][gc,phases   ] GC(15)   Other: 0.0ms
[7.374s][info][gc,heap     ] GC(15) Eden regions: 17->0(15)
[7.374s][info][gc,heap     ] GC(15) Survivor regions: 2->3(3)
[7.374s][info][gc,heap     ] GC(15) Old regions: 8->10
[7.374s][info][gc,heap     ] GC(15) Humongous regions: 11->6
[7.374s][info][gc,metaspace] GC(15) Metaspace: 96765K(98304K)->96765K(98304K) NonClass: 85167K(86080K)->85167K(86080K) Class: 11597K(12224K)->11597K(12224K)
[7.374s][info][gc          ] GC(15) Pause Young (Prepare Mixed) (G1 Evacuation Pause) 296M->139M(344M) 17.723ms
[7.374s][info][gc,cpu      ] GC(15) User=0.07s Sys=0.00s Real=0.02s
[7.656s][info][gc,start    ] GC(16) Pause Young (Mixed) (Metadata GC Threshold)
[7.656s][info][gc,task     ] GC(16) Using 4 workers of 4 for evacuation
[7.670s][info][gc,phases   ] GC(16)   Pre Evacuate Collection Set: 0.1ms
[7.670s][info][gc,phases   ] GC(16)   Merge Heap Roots: 0.1ms
[7.670s][info][gc,phases   ] GC(16)   Evacuate Collection Set: 13.0ms
[7.670s][info][gc,phases   ] GC(16)   Post Evacuate Collection Set: 0.9ms
[7.670s][info][gc,phases   ] GC(16)   Other: 0.1ms
[7.670s][info][gc,heap     ] GC(16) Eden regions: 5->0(16)
[7.670s][info][gc,heap     ] GC(16) Survivor regions: 3->2(3)
[7.670s][info][gc,heap     ] GC(16) Old regions: 10->12
[7.670s][info][gc,heap     ] GC(16) Humongous regions: 7->4
[7.670s][info][gc,metaspace] GC(16) Metaspace: 105895K(107456K)->105895K(107456K) NonClass: 93161K(94080K)->93161K(94080K) Class: 12733K(13376K)->12733K(13376K)
[7.670s][info][gc          ] GC(16) Pause Young (Mixed) (Metadata GC Threshold) 183M->133M(344M) 14.248ms
[7.670s][info][gc,cpu      ] GC(16) User=0.06s Sys=0.00s Real=0.02s
[7.693s][info][gc,start    ] GC(17) Pause Young (Concurrent Start) (Metadata GC Threshold)
[7.693s][info][gc,task     ] GC(17) Using 4 workers of 4 for evacuation
[7.698s][info][gc,phases   ] GC(17)   Pre Evacuate Collection Set: 0.1ms
[7.699s][info][gc,phases   ] GC(17)   Merge Heap Roots: 0.1ms
[7.699s][info][gc,phases   ] GC(17)   Evacuate Collection Set: 5.0ms
[7.699s][info][gc,phases   ] GC(17)   Post Evacuate Collection Set: 0.4ms
[7.699s][info][gc,phases   ] GC(17)   Other: 0.1ms
[7.699s][info][gc,heap     ] GC(17) Eden regions: 1->0(16)
[7.699s][info][gc,heap     ] GC(17) Survivor regions: 2->2(3)
[7.699s][info][gc,heap     ] GC(17) Old regions: 12->12
[7.699s][info][gc,heap     ] GC(17) Humongous regions: 4->4
[7.699s][info][gc,metaspace] GC(17) Metaspace: 106198K(107776K)->106198K(107776K) NonClass: 93427K(94336K)->93427K(94336K) Class: 12771K(13440K)->12771K(13440K)
[7.699s][info][gc          ] GC(17) Pause Young (Concurrent Start) (Metadata GC Threshold) 138M->133M(344M) 5.844ms
[7.699s][info][gc,cpu      ] GC(17) User=0.02s Sys=0.00s Real=0.01s
[7.699s][info][gc          ] GC(18) Concurrent Mark Cycle
[7.699s][info][gc,marking  ] GC(18) Concurrent Scan Root Regions
[7.720s][info][gc,marking  ] GC(18) Concurrent Scan Root Regions 20.969ms
[7.720s][info][gc,marking  ] GC(18) Concurrent Mark
[7.720s][info][gc,marking  ] GC(18) Concurrent Mark From Roots
[7.720s][info][gc,task     ] GC(18) Using 1 workers of 1 for marking
[7.846s][info][gc,marking  ] GC(18) Concurrent Mark From Roots 125.652ms
[7.846s][info][gc,marking  ] GC(18) Concurrent Preclean
[7.846s][info][gc,marking  ] GC(18) Concurrent Preclean 0.183ms
[7.846s][info][gc,start    ] GC(18) Pause Remark
[7.858s][info][gc          ] GC(18) Pause Remark 171M->171M(344M) 11.643ms
[7.858s][info][gc,cpu      ] GC(18) User=0.04s Sys=0.00s Real=0.02s
[7.858s][info][gc,marking  ] GC(18) Concurrent Mark 138.043ms
[7.858s][info][gc,marking  ] GC(18) Concurrent Rebuild Remembered Sets and Scrub Regions
[7.915s][info][gc,marking  ] GC(18) Concurrent Rebuild Remembered Sets and Scrub Regions 57.012ms
[7.917s][info][gc,start    ] GC(18) Pause Cleanup
[7.918s][info][gc          ] GC(18) Pause Cleanup 188M->188M(344M) 0.084ms
[7.918s][info][gc,cpu      ] GC(18) User=0.00s Sys=0.00s Real=0.00s
[7.918s][info][gc,marking  ] GC(18) Concurrent Clear Claimed Marks
[7.918s][info][gc,marking  ] GC(18) Concurrent Clear Claimed Marks 0.120ms
[7.918s][info][gc,marking  ] GC(18) Concurrent Cleanup for Next Mark
[7.918s][info][gc,marking  ] GC(18) Concurrent Cleanup for Next Mark 0.604ms
[7.918s][info][gc          ] GC(18) Concurrent Mark Cycle 219.762ms
[8.107s][info][gc,start    ] GC(19) Pause Young (Prepare Mixed) (G1 Evacuation Pause)
[8.107s][info][gc,task     ] GC(19) Using 4 workers of 4 for evacuation
[8.129s][info][gc,phases   ] GC(19)   Pre Evacuate Collection Set: 0.1ms
[8.129s][info][gc,phases   ] GC(19)   Merge Heap Roots: 0.1ms
[8.129s][info][gc,phases   ] GC(19)   Evacuate Collection Set: 20.7ms
[8.129s][info][gc,phases   ] GC(19)   Post Evacuate Collection Set: 0.8ms
[8.129s][info][gc,phases   ] GC(19)   Other: 0.0ms
[8.129s][info][gc,heap     ] GC(19) Eden regions: 16->0(14)
[8.129s][info][gc,heap     ] GC(19) Survivor regions: 2->3(3)
[8.129s][info][gc,heap     ] GC(19) Old regions: 12->14
[8.129s][info][gc,heap     ] GC(19) Humongous regions: 4->4
[8.129s][info][gc,metaspace] GC(19) Metaspace: 112738K(114368K)->112738K(114368K) NonClass: 99127K(100032K)->99127K(100032K) Class: 13610K(14336K)->13610K(14336K)
[8.129s][info][gc          ] GC(19) Pause Young (Prepare Mixed) (G1 Evacuation Pause) 261M->167M(344M) 21.915ms
[8.129s][info][gc,cpu      ] GC(19) User=0.08s Sys=0.00s Real=0.02s
[8.689s][info][gc,start    ] GC(20) Pause Young (Mixed) (G1 Evacuation Pause)
[8.689s][info][gc,task     ] GC(20) Using 4 workers of 4 for evacuation
[8.707s][info][gc,phases   ] GC(20)   Pre Evacuate Collection Set: 0.1ms
[8.707s][info][gc,phases   ] GC(20)   Merge Heap Roots: 0.1ms
[8.707s][info][gc,phases   ] GC(20)   Evacuate Collection Set: 16.2ms
[8.707s][info][gc,phases   ] GC(20)   Post Evacuate Collection Set: 1.1ms
[8.707s][info][gc,phases   ] GC(20)   Other: 0.1ms
[8.707s][info][gc,heap     ] GC(20) Eden regions: 14->0(12)
[8.707s][info][gc,heap     ] GC(20) Survivor regions: 3->3(3)
[8.707s][info][gc,heap     ] GC(20) Old regions: 14->17
[8.707s][info][gc,heap     ] GC(20) Humongous regions: 4->4
[8.707s][info][gc,metaspace] GC(20) Metaspace: 123420K(125120K)->123420K(125120K) NonClass: 108491K(109504K)->108491K(109504K) Class: 14928K(15616K)->14928K(15616K)
[8.707s][info][gc          ] GC(20) Pause Young (Mixed) (G1 Evacuation Pause) 279M->188M(344M) 17.728ms
[8.707s][info][gc,cpu      ] GC(20) User=0.05s Sys=0.01s Real=0.02s
[8.893s][info][gc,start    ] GC(21) Pause Young (Concurrent Start) (G1 Humongous Allocation)
[8.893s][info][gc,task     ] GC(21) Using 4 workers of 4 for evacuation
[8.900s][info][gc,phases   ] GC(21)   Pre Evacuate Collection Set: 0.1ms
[8.900s][info][gc,phases   ] GC(21)   Merge Heap Roots: 0.1ms
[8.900s][info][gc,phases   ] GC(21)   Evacuate Collection Set: 6.1ms
[8.900s][info][gc,phases   ] GC(21)   Post Evacuate Collection Set: 0.8ms
[8.900s][info][gc,phases   ] GC(21)   Other: 0.1ms
[8.900s][info][gc,heap     ] GC(21) Eden regions: 7->0(27)
[8.900s][info][gc,heap     ] GC(21) Survivor regions: 3->1(2)
[8.900s][info][gc,heap     ] GC(21) Old regions: 17->19
[8.900s][info][gc,heap     ] GC(21) Humongous regions: 4->4
[8.900s][info][gc,metaspace] GC(21) Metaspace: 126188K(127936K)->126188K(127936K) NonClass: 110908K(111936K)->110908K(111936K) Class: 15280K(16000K)->15280K(16000K)
[8.900s][info][gc          ] GC(21) Pause Young (Concurrent Start) (G1 Humongous Allocation) 239M->185M(536M) 7.309ms
[8.900s][info][gc          ] GC(22) Concurrent Undo Cycle
[8.900s][info][gc,marking  ] GC(22) Concurrent Clear Claimed Marks
[8.901s][info][gc,cpu      ] GC(21) User=0.03s Sys=0.00s Real=0.01s
[8.901s][info][gc,marking  ] GC(22) Concurrent Clear Claimed Marks 0.153ms
[8.901s][info][gc,marking  ] GC(22) Concurrent Cleanup for Next Mark
[8.903s][info][gc,marking  ] GC(22) Concurrent Cleanup for Next Mark 1.966ms
[8.903s][info][gc          ] GC(22) Concurrent Undo Cycle 2.155ms
[8.949s][info][gc,start    ] GC(23) Pause Young (Concurrent Start) (G1 Humongous Allocation)
[8.949s][info][gc,task     ] GC(23) Using 4 workers of 4 for evacuation
[8.952s][info][gc,phases   ] GC(23)   Pre Evacuate Collection Set: 0.1ms
[8.952s][info][gc,phases   ] GC(23)   Merge Heap Roots: 0.1ms
[8.952s][info][gc,phases   ] GC(23)   Evacuate Collection Set: 2.1ms
[8.952s][info][gc,phases   ] GC(23)   Post Evacuate Collection Set: 0.6ms
[8.952s][info][gc,phases   ] GC(23)   Other: 0.1ms
[8.952s][info][gc,heap     ] GC(23) Eden regions: 2->0(28)
[8.952s][info][gc,heap     ] GC(23) Survivor regions: 1->1(4)
[8.952s][info][gc,heap     ] GC(23) Old regions: 19->19
[8.952s][info][gc,heap     ] GC(23) Humongous regions: 5->5
[8.952s][info][gc,metaspace] GC(23) Metaspace: 126687K(128384K)->126687K(128384K) NonClass: 111330K(112320K)->111330K(112320K) Class: 15356K(16064K)->15356K(16064K)
[8.952s][info][gc          ] GC(23) Pause Young (Concurrent Start) (G1 Humongous Allocation) 203M->189M(536M) 3.014ms
[8.952s][info][gc,cpu      ] GC(23) User=0.01s Sys=0.00s Real=0.00s
[8.952s][info][gc          ] GC(24) Concurrent Undo Cycle
[8.952s][info][gc,marking  ] GC(24) Concurrent Clear Claimed Marks
[8.952s][info][gc,marking  ] GC(24) Concurrent Clear Claimed Marks 0.073ms
[8.952s][info][gc,marking  ] GC(24) Concurrent Cleanup for Next Mark
[8.956s][info][gc,marking  ] GC(24) Concurrent Cleanup for Next Mark 3.254ms
[8.956s][info][gc          ] GC(24) Concurrent Undo Cycle 3.413ms
[9.008s][info][gc,start    ] GC(25) Pause Young (Concurrent Start) (G1 Humongous Allocation)
[9.008s][info][gc,task     ] GC(25) Using 4 workers of 4 for evacuation
[9.010s][info][gc,phases   ] GC(25)   Pre Evacuate Collection Set: 0.1ms
[9.010s][info][gc,phases   ] GC(25)   Merge Heap Roots: 0.1ms
[9.010s][info][gc,phases   ] GC(25)   Evacuate Collection Set: 1.9ms
[9.010s][info][gc,phases   ] GC(25)   Post Evacuate Collection Set: 0.4ms
[9.010s][info][gc,phases   ] GC(25)   Other: 0.1ms
[9.010s][info][gc,heap     ] GC(25) Eden regions: 2->0(30)
[9.010s][info][gc,heap     ] GC(25) Survivor regions: 1->1(4)
[9.010s][info][gc,heap     ] GC(25) Old regions: 19->19
[9.010s][info][gc,heap     ] GC(25) Humongous regions: 6->5
[9.010s][info][gc,metaspace] GC(25) Metaspace: 127126K(128896K)->127126K(128896K) NonClass: 111714K(112768K)->111714K(112768K) Class: 15412K(16128K)->15412K(16128K)
[9.010s][info][gc          ] GC(25) Pause Young (Concurrent Start) (G1 Humongous Allocation) 212M->189M(536M) 2.668ms
[9.010s][info][gc          ] GC(26) Concurrent Mark Cycle
[9.010s][info][gc,marking  ] GC(26) Concurrent Scan Root Regions
[9.012s][info][gc,marking  ] GC(26) Concurrent Scan Root Regions 1.498ms
[9.012s][info][gc,marking  ] GC(26) Concurrent Mark
[9.012s][info][gc,marking  ] GC(26) Concurrent Mark From Roots
[9.012s][info][gc,task     ] GC(26) Using 1 workers of 1 for marking
[9.012s][info][gc,cpu      ] GC(25) User=0.01s Sys=0.00s Real=0.00s
[9.173s][info][gc,marking  ] GC(26) Concurrent Mark From Roots 161.249ms
[9.173s][info][gc,marking  ] GC(26) Concurrent Preclean
[9.173s][info][gc,marking  ] GC(26) Concurrent Preclean 0.228ms
[9.176s][info][gc,start    ] GC(26) Pause Remark
[9.182s][info][gc          ] GC(26) Pause Remark 254M->254M(536M) 6.600ms
[9.182s][info][gc,cpu      ] GC(26) User=0.02s Sys=0.00s Real=0.01s
[9.183s][info][gc,marking  ] GC(26) Concurrent Mark 170.776ms
[9.183s][info][gc,marking  ] GC(26) Concurrent Rebuild Remembered Sets and Scrub Regions
[9.251s][info][gc,marking  ] GC(26) Concurrent Rebuild Remembered Sets and Scrub Regions 68.388ms
[9.252s][info][gc,start    ] GC(26) Pause Cleanup
[9.252s][info][gc          ] GC(26) Pause Cleanup 270M->270M(536M) 0.073ms
[9.252s][info][gc,cpu      ] GC(26) User=0.00s Sys=0.00s Real=0.00s
[9.252s][info][gc,marking  ] GC(26) Concurrent Clear Claimed Marks
[9.252s][info][gc,marking  ] GC(26) Concurrent Clear Claimed Marks 0.129ms
[9.252s][info][gc,marking  ] GC(26) Concurrent Cleanup for Next Mark
[9.258s][info][gc,marking  ] GC(26) Concurrent Cleanup for Next Mark 5.804ms
[9.258s][info][gc          ] GC(26) Concurrent Mark Cycle 247.965ms
[9.847s][info][gc,start    ] GC(27) Pause Young (Prepare Mixed) (G1 Evacuation Pause)
[9.847s][info][gc,task     ] GC(27) Using 4 workers of 4 for evacuation
[9.855s][info][gc,phases   ] GC(27)   Pre Evacuate Collection Set: 0.1ms
[9.855s][info][gc,phases   ] GC(27)   Merge Heap Roots: 0.1ms
[9.855s][info][gc,phases   ] GC(27)   Evacuate Collection Set: 7.1ms
[9.855s][info][gc,phases   ] GC(27)   Post Evacuate Collection Set: 0.7ms
[9.855s][info][gc,phases   ] GC(27)   Other: 0.1ms
[9.855s][info][gc,heap     ] GC(27) Eden regions: 30->0(29)
[9.855s][info][gc,heap     ] GC(27) Survivor regions: 1->2(4)
[9.855s][info][gc,heap     ] GC(27) Old regions: 19->19
[9.855s][info][gc,heap     ] GC(27) Humongous regions: 8->6
[9.855s][info][gc,metaspace] GC(27) Metaspace: 128821K(130560K)->128821K(130560K) NonClass: 113208K(114240K)->113208K(114240K) Class: 15612K(16320K)->15612K(16320K)
[9.855s][info][gc          ] GC(27) Pause Young (Prepare Mixed) (G1 Evacuation Pause) 453M->209M(536M) 8.230ms
[9.855s][info][gc,cpu      ] GC(27) User=0.03s Sys=0.00s Real=0.00s
[11.519s][info][gc,start    ] GC(28) Pause Young (Mixed) (G1 Evacuation Pause)
[11.519s][info][gc,task     ] GC(28) Using 4 workers of 4 for evacuation
[11.535s][info][gc,phases   ] GC(28)   Pre Evacuate Collection Set: 0.1ms
[11.535s][info][gc,phases   ] GC(28)   Merge Heap Roots: 0.1ms
[11.535s][info][gc,phases   ] GC(28)   Evacuate Collection Set: 14.6ms
[11.535s][info][gc,phases   ] GC(28)   Post Evacuate Collection Set: 0.9ms
[11.535s][info][gc,phases   ] GC(28)   Other: 0.0ms
[11.535s][info][gc,heap     ] GC(28) Eden regions: 29->0(29)
[11.535s][info][gc,heap     ] GC(28) Survivor regions: 2->4(4)
[11.535s][info][gc,heap     ] GC(28) Old regions: 19->19
[11.535s][info][gc,heap     ] GC(28) Humongous regions: 6->6
[11.535s][info][gc,metaspace] GC(28) Metaspace: 139066K(140928K)->139066K(140928K) NonClass: 122163K(123264K)->122163K(123264K) Class: 16903K(17664K)->16903K(17664K)
[11.535s][info][gc          ] GC(28) Pause Young (Mixed) (G1 Evacuation Pause) 441M->222M(536M) 15.882ms
[11.535s][info][gc,cpu      ] GC(28) User=0.05s Sys=0.01s Real=0.01s
[12.489s][info][gc,start    ] GC(29) Pause Young (Concurrent Start) (G1 Evacuation Pause)
[12.489s][info][gc,task     ] GC(29) Using 4 workers of 4 for evacuation
[12.505s][info][gc,phases   ] GC(29)   Pre Evacuate Collection Set: 0.1ms
[12.505s][info][gc,phases   ] GC(29)   Merge Heap Roots: 0.1ms
[12.505s][info][gc,phases   ] GC(29)   Evacuate Collection Set: 14.8ms
[12.505s][info][gc,phases   ] GC(29)   Post Evacuate Collection Set: 1.0ms
[12.505s][info][gc,phases   ] GC(29)   Other: 0.1ms
[12.505s][info][gc,heap     ] GC(29) Eden regions: 29->0(30)
[12.505s][info][gc,heap     ] GC(29) Survivor regions: 4->3(5)
[12.505s][info][gc,heap     ] GC(29) Old regions: 19->20
[12.505s][info][gc,heap     ] GC(29) Humongous regions: 6->6
[12.505s][info][gc,metaspace] GC(29) Metaspace: 143733K(145856K)->143733K(145856K) NonClass: 126248K(127488K)->126248K(127488K) Class: 17484K(18368K)->17484K(18368K)
[12.505s][info][gc          ] GC(29) Pause Young (Concurrent Start) (G1 Evacuation Pause) 454M->228M(536M) 16.241ms
[12.505s][info][gc          ] GC(30) Concurrent Mark Cycle
[12.505s][info][gc,marking  ] GC(30) Concurrent Scan Root Regions
[12.505s][info][gc,cpu      ] GC(29) User=0.05s Sys=0.01s Real=0.01s
[12.526s][info][gc,marking  ] GC(30) Concurrent Scan Root Regions 20.759ms
[12.526s][info][gc,marking  ] GC(30) Concurrent Mark
[12.526s][info][gc,marking  ] GC(30) Concurrent Mark From Roots
[12.526s][info][gc,task     ] GC(30) Using 1 workers of 1 for marking
[12.641s][info][gc,marking  ] GC(30) Concurrent Mark From Roots 114.327ms
[12.641s][info][gc,marking  ] GC(30) Concurrent Preclean
[12.641s][info][gc,marking  ] GC(30) Concurrent Preclean 0.241ms
[12.641s][info][gc,start    ] GC(30) Pause Remark
[12.650s][info][gc          ] GC(30) Pause Remark 264M->224M(536M) 8.656ms
[12.650s][info][gc,cpu      ] GC(30) User=0.03s Sys=0.00s Real=0.01s
[12.650s][info][gc,marking  ] GC(30) Concurrent Mark 123.472ms
[12.650s][info][gc,marking  ] GC(30) Concurrent Rebuild Remembered Sets and Scrub Regions
[12.705s][info][gc,marking  ] GC(30) Concurrent Rebuild Remembered Sets and Scrub Regions 55.373ms
[12.705s][info][gc,start    ] GC(30) Pause Cleanup
[12.705s][info][gc          ] GC(30) Pause Cleanup 243M->243M(536M) 0.099ms
[12.705s][info][gc,cpu      ] GC(30) User=0.00s Sys=0.00s Real=0.00s
[12.705s][info][gc,marking  ] GC(30) Concurrent Clear Claimed Marks
[12.706s][info][gc,marking  ] GC(30) Concurrent Clear Claimed Marks 0.210ms
[12.706s][info][gc,marking  ] GC(30) Concurrent Cleanup for Next Mark
[12.706s][info][gc,marking  ] GC(30) Concurrent Cleanup for Next Mark 0.501ms
[12.706s][info][gc          ] GC(30) Concurrent Mark Cycle 200.780ms
[16.419s][info][gc,start    ] GC(31) Pause Young (Prepare Mixed) (G1 Evacuation Pause)
[16.419s][info][gc,task     ] GC(31) Using 4 workers of 4 for evacuation
[16.444s][info][gc,phases   ] GC(31)   Pre Evacuate Collection Set: 0.1ms
[16.444s][info][gc,phases   ] GC(31)   Merge Heap Roots: 0.1ms
[16.444s][info][gc,phases   ] GC(31)   Evacuate Collection Set: 23.3ms
[16.444s][info][gc,phases   ] GC(31)   Post Evacuate Collection Set: 2.0ms
[16.444s][info][gc,phases   ] GC(31)   Other: 0.0ms
[16.444s][info][gc,heap     ] GC(31) Eden regions: 30->0(33)
[16.444s][info][gc,heap     ] GC(31) Survivor regions: 3->3(5)
[16.444s][info][gc,heap     ] GC(31) Old regions: 19->21
[16.444s][info][gc,heap     ] GC(31) Humongous regions: 2->2
[16.444s][info][gc,metaspace] GC(31) Metaspace: 182367K(184832K)->182367K(184832K) NonClass: 158135K(159552K)->158135K(159552K) Class: 24232K(25280K)->24232K(25280K)
[16.444s][info][gc          ] GC(31) Pause Young (Prepare Mixed) (G1 Evacuation Pause) 428M->201M(536M) 25.670ms
[16.444s][info][gc,cpu      ] GC(31) User=0.10s Sys=0.00s Real=0.02s
[18.245s][info][gc,start    ] GC(32) Pause Young (Mixed) (G1 Evacuation Pause)
[18.245s][info][gc,task     ] GC(32) Using 4 workers of 4 for evacuation
[18.270s][info][gc,phases   ] GC(32)   Pre Evacuate Collection Set: 0.1ms
[18.270s][info][gc,phases   ] GC(32)   Merge Heap Roots: 0.1ms
[18.270s][info][gc,phases   ] GC(32)   Evacuate Collection Set: 22.8ms
[18.270s][info][gc,phases   ] GC(32)   Post Evacuate Collection Set: 2.0ms
[18.270s][info][gc,phases   ] GC(32)   Other: 0.1ms
[18.270s][info][gc,heap     ] GC(32) Eden regions: 33->0(30)
[18.270s][info][gc,heap     ] GC(32) Survivor regions: 3->5(5)
[18.270s][info][gc,heap     ] GC(32) Old regions: 21->21
[18.270s][info][gc,heap     ] GC(32) Humongous regions: 2->2
[18.270s][info][gc,metaspace] GC(32) Metaspace: 193495K(195968K)->193495K(195968K) NonClass: 168025K(169408K)->168025K(169408K) Class: 25469K(26560K)->25469K(26560K)
[18.270s][info][gc          ] GC(32) Pause Young (Mixed) (G1 Evacuation Pause) 465M->216M(536M) 25.205ms
[18.270s][info][gc,cpu      ] GC(32) User=0.10s Sys=0.00s Real=0.03s
[19.585s][info][gc,heap,exit] Heap
[19.585s][info][gc,heap,exit]  garbage-first heap   total 548864K, used 347280K [0x0000000544000000, 0x0000000800000000)
[19.585s][info][gc,heap,exit]   region size 8192K, 21 young (172032K), 5 survivors (40960K)
[19.585s][info][gc,heap,exit]  Metaspace       used 202104K, committed 204672K, reserved 1245184K
[19.585s][info][gc,heap,exit]   class space    used 26570K, committed 27648K, reserved 1048576K
